Archive member included to satisfy reference by file (symbol)

C:/Program Files/SEGGER/SEGGER Embedded Studio for ARM 5.64/lib/libc_v7em_fpv4_sp_d16_hard_t_le_eabi.a(libc2.o)
                              Output/Release/Obj/blinky_pca10040/SEGGER_RTT_Syscalls_SES.o (vsnprintf)
C:/Program Files/SEGGER/SEGGER Embedded Studio for ARM 5.64/lib/libc_v7em_fpv4_sp_d16_hard_t_le_eabi.a(libc2_asm.o)
                              Output/Release/Obj/blinky_pca10040/SEGGER_RTT.o (memcpy)
C:/Program Files/SEGGER/SEGGER Embedded Studio for ARM 5.64/lib/libc_v7em_fpv4_sp_d16_hard_t_le_eabi.a(libvfprintf.o)
                              (__vfprintf_long)
C:/Program Files/SEGGER/SEGGER Embedded Studio for ARM 5.64/lib/libc_v7em_fpv4_sp_d16_hard_t_le_eabi.a(libvfscanf.o)
                              (__vfscanf_int)
C:/Program Files/SEGGER/SEGGER Embedded Studio for ARM 5.64/lib/libc_v7em_fpv4_sp_d16_hard_t_le_eabi.a(libc.o)
                              C:/Program Files/SEGGER/SEGGER Embedded Studio for ARM 5.64/lib/libc_v7em_fpv4_sp_d16_hard_t_le_eabi.a(libc2.o) (__heap_lock)
C:/Program Files/SEGGER/SEGGER Embedded Studio for ARM 5.64/lib/libc_v7em_fpv4_sp_d16_hard_t_le_eabi.a(libc_asm.o)
                              C:/Program Files/SEGGER/SEGGER Embedded Studio for ARM 5.64/lib/libc_v7em_fpv4_sp_d16_hard_t_le_eabi.a(libc2.o) (__aeabi_uldivmod)
C:/Program Files/SEGGER/SEGGER Embedded Studio for ARM 5.64/lib/libdebugio_v7em_fpv4_sp_d16_hard_t_le_eabi.a(libdebugio.o)
                              Output/Release/Obj/blinky_pca10040/thumb_crt0.o (debug_fopen)
C:/Program Files/SEGGER/SEGGER Embedded Studio for ARM 5.64/lib/libdebugio_v7em_fpv4_sp_d16_hard_t_le_eabi.a(do_nv_debug_operation.o)
                              C:/Program Files/SEGGER/SEGGER Embedded Studio for ARM 5.64/lib/libdebugio_v7em_fpv4_sp_d16_hard_t_le_eabi.a(libdebugio.o) (__do_nvdebug_operation)
C:/Program Files/SEGGER/SEGGER Embedded Studio for ARM 5.64/lib/libdebugio_v7em_fpv4_sp_d16_hard_t_le_eabi.a(mempoll_debug_operations.o)
                              (__do_debug_operation_mempoll)
C:/Program Files/SEGGER/SEGGER Embedded Studio for ARM 5.64/lib/libm_v7em_fpv4_sp_d16_hard_t_le_eabi.a(libm_asm.o)
                              C:/Program Files/SEGGER/SEGGER Embedded Studio for ARM 5.64/lib/libc_v7em_fpv4_sp_d16_hard_t_le_eabi.a(libc2.o) (__aeabi_dadd)
C:/Program Files/SEGGER/SEGGER Embedded Studio for ARM 5.64/lib/libm_v7em_fpv4_sp_d16_hard_t_le_eabi.a(libm2.o)
                              C:/Program Files/SEGGER/SEGGER Embedded Studio for ARM 5.64/lib/libc_v7em_fpv4_sp_d16_hard_t_le_eabi.a(libvfprintf.o) (frexp)

Discarded input sections

 .text          0x0000000000000000        0x0 Output/Release/Obj/blinky_pca10040/thumb_crt0.o
 .data          0x0000000000000000        0x0 Output/Release/Obj/blinky_pca10040/thumb_crt0.o
 .bss           0x0000000000000000        0x0 Output/Release/Obj/blinky_pca10040/thumb_crt0.o
 .text.__aeabi_read_tp
                0x0000000000000000        0x8 Output/Release/Obj/blinky_pca10040/thumb_crt0.o
 .text.abort    0x0000000000000000        0x2 Output/Release/Obj/blinky_pca10040/thumb_crt0.o
 .text.__assert
                0x0000000000000000        0x2 Output/Release/Obj/blinky_pca10040/thumb_crt0.o
 .text.__assert_func
                0x0000000000000000        0x2 Output/Release/Obj/blinky_pca10040/thumb_crt0.o
 .text.__aeabi_assert
                0x0000000000000000        0x2 Output/Release/Obj/blinky_pca10040/thumb_crt0.o
 .text.__sync_synchronize
                0x0000000000000000        0x2 Output/Release/Obj/blinky_pca10040/thumb_crt0.o
 .text.__getchar
                0x0000000000000000        0x4 Output/Release/Obj/blinky_pca10040/thumb_crt0.o
 .text.__putchar
                0x0000000000000000        0x4 Output/Release/Obj/blinky_pca10040/thumb_crt0.o
 .text.__open   0x0000000000000000        0x4 Output/Release/Obj/blinky_pca10040/thumb_crt0.o
 .text.__close  0x0000000000000000        0x4 Output/Release/Obj/blinky_pca10040/thumb_crt0.o
 .text.__write  0x0000000000000000        0xa Output/Release/Obj/blinky_pca10040/thumb_crt0.o
 .text.__read   0x0000000000000000        0xa Output/Release/Obj/blinky_pca10040/thumb_crt0.o
 .text.__seek   0x0000000000000000       0x1a Output/Release/Obj/blinky_pca10040/thumb_crt0.o
 .text.remove   0x0000000000000000        0x4 Output/Release/Obj/blinky_pca10040/thumb_crt0.o
 .text.rename   0x0000000000000000        0x4 Output/Release/Obj/blinky_pca10040/thumb_crt0.o
 .bss.__user_locale_name_buffer
                0x0000000000000000        0x4 Output/Release/Obj/blinky_pca10040/thumb_crt0.o
 .stack         0x0000000000000000        0x0 Output/Release/Obj/blinky_pca10040/thumb_crt0.o
 .stack_process
                0x0000000000000000        0x0 Output/Release/Obj/blinky_pca10040/thumb_crt0.o
 .heap          0x0000000000000000        0x0 Output/Release/Obj/blinky_pca10040/thumb_crt0.o
[...]
Memory Configuration

Name             Origin             Length             Attributes
UNPLACED_SECTIONS 0x0000000100000000 0x0000000000000000 xw
RAM              0x0000000020000000 0x0000000000010000 xw
FLASH            0x0000000000000000 0x0000000000080000 xw
*default*        0x0000000000000000 0xffffffffffffffff

Linker script and memory map

                0x0000000000000000                __do_debug_operation = __do_debug_operation_mempoll
                0x0000000000000000                __vfprintf = __vfprintf_long
                0x0000000000000000                __vfscanf = __vfscanf_int
                0x0000000020000000                __RAM_segment_start__ = 0x20000000
                0x0000000020010000                __RAM_segment_end__ = 0x20010000
                0x0000000000010000                __RAM_segment_size__ = 0x10000
                0x0000000000000000                __FLASH_segment_start__ = 0x0
                0x0000000000080000                __FLASH_segment_end__ = 0x80000
                0x0000000000080000                __FLASH_segment_size__ = 0x80000
                0x0000000000002000                __HEAPSIZE__ = 0x2000
                0x0000000000000000                __STACKSIZE_PROCESS__ = 0x0
                0x0000000000002000                __STACKSIZE__ = 0x2000
                0x0000000020000000                __vectors_ram_load_start__ = 0x20000000

.vectors_ram    0x0000000020000000        0x0
                0x0000000020000000                __vectors_ram_start__ = .
                0x0000000020000000                __app_ram_start__ = __vectors_ram_start__
 *(.vectors_ram .vectors_ram.*)
                0x0000000020000000                __vectors_ram_end__ = (__vectors_ram_start__ + SIZEOF (.vectors_ram))
                0x0000000000000000                __vectors_ram_size__ = SIZEOF (.vectors_ram)
                0x0000000020000000                __vectors_ram_load_end__ = __vectors_ram_end__
                0x0000000000000001                . = ASSERT (((__vectors_ram_start__ == __vectors_ram_end__) || ((__vectors_ram_end__ - __RAM_segment_start__) <= __RAM_segment_size__)), error: .vectors_ram is too large to fit in RAM memory segment)
                0x0000000020000000                __nrf_sections_run_load_start__ = ALIGN (__vectors_ram_end__, 0x4)

.nrf_sections_run
                0x0000000020000000        0x0
                0x0000000020000000                __nrf_sections_run_start__ = .
                0x0000000020000000                __start_nrf_sections_run = __nrf_sections_run_start__
 *(.nrf_sections_run .nrf_sections_run.*)
                0x0000000020000000                __nrf_sections_run_end__ = (__nrf_sections_run_start__ + SIZEOF (.nrf_sections_run))
                0x0000000000000000                __nrf_sections_run_size__ = SIZEOF (.nrf_sections_run)
                0x0000000020000000                __nrf_sections_run_load_end__ = __nrf_sections_run_end__
                0x0000000000000001                . = ASSERT (((__nrf_sections_run_start__ == __nrf_sections_run_end__) || ((__nrf_sections_run_end__ - __RAM_segment_start__) <= __RAM_segment_size__)), error: .nrf_sections_run is too large to fit in RAM memory segment)
                0x0000000000000000                __vectors_load_start__ = 0x0

.vectors        0x0000000000000000       0xdc
                0x0000000000000000                __vectors_start__ = .
 *(.vectors .vectors.*)
 .vectors       0x0000000000000000       0xdc Output/Release/Obj/blinky_pca10040/ses_nrf52_Vectors.o
                0x0000000000000000                _vectors
                0x00000000000000dc                __vectors_end__ = (__vectors_start__ + SIZEOF (.vectors))
                0x00000000000000dc                __vectors_size__ = SIZEOF (.vectors)
                0x00000000000000dc                __vectors_load_end__ = __vectors_end__
                0x0000000000000001                . = ASSERT (((__vectors_start__ == __vectors_end__) || ((__vectors_end__ - __FLASH_segment_start__) <= __FLASH_segment_size__)), error: .vectors is too large to fit in FLASH memory segment)
                0x00000000000000dc                __init_load_start__ = ALIGN (__vectors_end__, 0x4)

.init           0x00000000000000dc      0x214
                0x00000000000000dc                __init_start__ = .
 *(.init .init.*)
 .init          0x00000000000000dc      0x15c Output/Release/Obj/blinky_pca10040/thumb_crt0.o
                0x00000000000000dc                _start
                0x0000000000000190                exit
 .init          0x0000000000000238       0x58 Output/Release/Obj/blinky_pca10040/ses_nRF_Startup.o
                0x0000000000000238                Reset_Handler
                0x000000000000025c                InitializeUserMemorySections
 .init          0x0000000000000290       0x60 Output/Release/Obj/blinky_pca10040/ses_nrf52_Vectors.o
                0x0000000000000290                NMI_Handler
                0x0000000000000292                HardFault_Handler
                0x0000000000000294                MemoryManagement_Handler
                0x0000000000000296                BusFault_Handler
                0x0000000000000298                UsageFault_Handler
                0x000000000000029a                SVC_Handler
                0x000000000000029c                DebugMon_Handler
                0x000000000000029e                PendSV_Handler
                0x00000000000002a0                SysTick_Handler
                0x00000000000002a4                POWER_CLOCK_IRQHandler
                0x00000000000002a6                RADIO_IRQHandler
                0x00000000000002a8                UARTE0_UART0_IRQHandler
                0x00000000000002aa                SPIM0_SPIS0_TWIM0_TWIS0_SPI0_TWI0_IRQHandler
                0x00000000000002ac                SPIM1_SPIS1_TWIM1_TWIS1_SPI1_TWI1_IRQHandler
                0x00000000000002ae                NFCT_IRQHandler
                0x00000000000002b0                GPIOTE_IRQHandler
                0x00000000000002b2                SAADC_IRQHandler
                0x00000000000002b4                TIMER0_IRQHandler
                0x00000000000002b6                TIMER1_IRQHandler
                0x00000000000002b8                TIMER2_IRQHandler
                0x00000000000002ba                RTC0_IRQHandler
                0x00000000000002bc                TEMP_IRQHandler
                0x00000000000002be                RNG_IRQHandler
                0x00000000000002c0                ECB_IRQHandler
                0x00000000000002c2                CCM_AAR_IRQHandler
                0x00000000000002c4                WDT_IRQHandler
                0x00000000000002c6                RTC1_IRQHandler
                0x00000000000002c8                QDEC_IRQHandler
                0x00000000000002ca                COMP_LPCOMP_IRQHandler
                0x00000000000002cc                SWI0_EGU0_IRQHandler
                0x00000000000002ce                SWI1_EGU1_IRQHandler
                0x00000000000002d0                SWI2_EGU2_IRQHandler
                0x00000000000002d2                SWI3_EGU3_IRQHandler
                0x00000000000002d4                SWI4_EGU4_IRQHandler
                0x00000000000002d6                SWI5_EGU5_IRQHandler
                0x00000000000002d8                TIMER3_IRQHandler
                0x00000000000002da                TIMER4_IRQHandler
                0x00000000000002dc                PWM0_IRQHandler
                0x00000000000002de                PDM_IRQHandler
                0x00000000000002e0                MWU_IRQHandler
                0x00000000000002e2                PWM1_IRQHandler
                0x00000000000002e4                PWM2_IRQHandler
                0x00000000000002e6                SPIM2_SPIS2_SPI2_IRQHandler
                0x00000000000002e8                RTC2_IRQHandler
                0x00000000000002ea                I2S_IRQHandler
                0x00000000000002ec                FPU_IRQHandler
                0x00000000000002f0                __init_end__ = (__init_start__ + SIZEOF (.init))
                0x0000000000000214                __init_size__ = SIZEOF (.init)
                0x00000000000002f0                __init_load_end__ = __init_end__
                0x0000000000000001                . = ASSERT (((__init_start__ == __init_end__) || ((__init_end__ - __FLASH_segment_start__) <= __FLASH_segment_size__)), error: .init is too large to fit in FLASH memory segment)
                0x00000000000002f0                __init_rodata_load_start__ = ALIGN (__init_end__, 0x4)

.init_rodata    0x00000000000002f0        0x0
                0x00000000000002f0                __init_rodata_start__ = .
 *(.init_rodata .init_rodata.*)
                0x00000000000002f0                __init_rodata_end__ = (__init_rodata_start__ + SIZEOF (.init_rodata))
                0x0000000000000000                __init_rodata_size__ = SIZEOF (.init_rodata)
                0x00000000000002f0                __init_rodata_load_end__ = __init_rodata_end__
                0x0000000000000001                . = ASSERT (((__init_rodata_start__ == __init_rodata_end__) || ((__init_rodata_end__ - __FLASH_segment_start__) <= __FLASH_segment_size__)), error: .init_rodata is too large to fit in FLASH memory segment)
                0x00000000000002f0                __text_load_start__ = ALIGN (__init_rodata_end__, 0x4)

.text           0x00000000000002f0      0xa0a
                0x00000000000002f0                __text_start__ = .
 *(.text .text.* .glue_7t .glue_7 .gnu.linkonce.t.* .gcc_except_table .ARM.extab* .gnu.linkonce.armextab.*)
 .glue_7        0x00000000000002f0        0x0 linker stubs
 .glue_7t       0x00000000000002f0        0x0 linker stubs
 .text.startup.main
                0x00000000000002f0       0x60 Output/Release/Obj/blinky_pca10040/main.o
                0x00000000000002f0                main
 .text.bsp_board_led_off
                0x0000000000000350       0x18 Output/Release/Obj/blinky_pca10040/boards.o
                0x0000000000000350                bsp_board_led_off
 .text.bsp_board_leds_off
                0x0000000000000368       0x1e Output/Release/Obj/blinky_pca10040/boards.o
                0x0000000000000368                bsp_board_leds_off
 *fill*         0x0000000000000386        0x2 
 .text.bsp_board_led_invert
                0x0000000000000388       0x24 Output/Release/Obj/blinky_pca10040/boards.o
                0x0000000000000388                bsp_board_led_invert
 .text.bsp_board_init
                0x00000000000003ac       0x3e Output/Release/Obj/blinky_pca10040/boards.o
                0x00000000000003ac                bsp_board_init
 *fill*         0x00000000000003ea        0x2 
 .text.app_util_disable_irq
                0x00000000000003ec       0x10 Output/Release/Obj/blinky_pca10040/app_util_platform.o
                0x00000000000003ec                app_util_disable_irq
 .text.app_util_enable_irq
                0x00000000000003fc       0x14 Output/Release/Obj/blinky_pca10040/app_util_platform.o
                0x00000000000003fc                app_util_enable_irq
 .text.app_util_critical_region_enter
                0x0000000000000410        0x4 Output/Release/Obj/blinky_pca10040/app_util_platform.o
                0x0000000000000410                app_util_critical_region_enter
 .text.app_util_critical_region_exit
                0x0000000000000414        0x4 Output/Release/Obj/blinky_pca10040/app_util_platform.o
                0x0000000000000414                app_util_critical_region_exit
 .text._StoreChar
                0x0000000000000418       0x3c Output/Release/Obj/blinky_pca10040/SEGGER_RTT_printf.o
 .text._PrintUnsigned
                0x0000000000000454       0xd0 Output/Release/Obj/blinky_pca10040/SEGGER_RTT_printf.o
 .text.SEGGER_RTT_vprintf
                0x0000000000000524      0x25c Output/Release/Obj/blinky_pca10040/SEGGER_RTT_printf.o
                0x0000000000000524                SEGGER_RTT_vprintf
 .text.SEGGER_RTT_printf
                0x0000000000000780       0x1c Output/Release/Obj/blinky_pca10040/SEGGER_RTT_printf.o
                0x0000000000000780                SEGGER_RTT_printf
 .text._GetAvailWriteSpace
                0x000000000000079c       0x12 Output/Release/Obj/blinky_pca10040/SEGGER_RTT.o
 .text._WriteNoCheck
                0x00000000000007ae       0x38 Output/Release/Obj/blinky_pca10040/SEGGER_RTT.o
 .text._WriteBlocking
                0x00000000000007e6       0x52 Output/Release/Obj/blinky_pca10040/SEGGER_RTT.o
 .text._DoInit  0x0000000000000838       0x60 Output/Release/Obj/blinky_pca10040/SEGGER_RTT.o
 .text.SEGGER_RTT_WriteNoLock
                0x0000000000000898       0x60 Output/Release/Obj/blinky_pca10040/SEGGER_RTT.o
                0x0000000000000898                SEGGER_RTT_WriteNoLock
 .text.SEGGER_RTT_Write
                0x00000000000008f8       0x34 Output/Release/Obj/blinky_pca10040/SEGGER_RTT.o
                0x00000000000008f8                SEGGER_RTT_Write
 .text.SEGGER_RTT_WriteString
                0x000000000000092c       0x1c Output/Release/Obj/blinky_pca10040/SEGGER_RTT.o
                0x000000000000092c                SEGGER_RTT_WriteString
 .text.errata_12
                0x0000000000000948       0x36 Output/Release/Obj/blinky_pca10040/system_nrf52.o
 .text.errata_16
                0x000000000000097e       0x2a Output/Release/Obj/blinky_pca10040/system_nrf52.o
 .text.SystemInit
                0x00000000000009a8      0x25c Output/Release/Obj/blinky_pca10040/system_nrf52.o
                0x00000000000009a8                SystemInit
 .text.libc.memcpy
                0x0000000000000c04       0x52 C:/Program Files/SEGGER/SEGGER Embedded Studio for ARM 5.64/lib/libc_v7em_fpv4_sp_d16_hard_t_le_eabi.a(libc2_asm.o)
                0x0000000000000c04                __aeabi_memcpy
                0x0000000000000c04                memcpy
                0x0000000000000c10                __aeabi_memcpy8
                0x0000000000000c10                __aeabi_memcpy4
 .text.libc.strcpy
                0x0000000000000c56       0x44 C:/Program Files/SEGGER/SEGGER Embedded Studio for ARM 5.64/lib/libc_v7em_fpv4_sp_d16_hard_t_le_eabi.a(libc2_asm.o)
                0x0000000000000c56                strcpy
 .text.libc.strlen
                0x0000000000000c9a       0x60 C:/Program Files/SEGGER/SEGGER Embedded Studio for ARM 5.64/lib/libc_v7em_fpv4_sp_d16_hard_t_le_eabi.a(libc2_asm.o)
                0x0000000000000c9a                strlen
                0x0000000000000cfa                __text_end__ = (__text_start__ + SIZEOF (.text))
                0x0000000000000a0a                __text_size__ = SIZEOF (.text)
                0x0000000000000cfa                __text_load_end__ = __text_end__

.vfp11_veneer   0x0000000100000000        0x0
 .vfp11_veneer  0x0000000100000000        0x0 linker stubs

.v4_bx          0x0000000100000000        0x0
 .v4_bx         0x0000000100000000        0x0 linker stubs

.iplt           0x0000000100000000        0x0
 .iplt          0x0000000100000000        0x0 Output/Release/Obj/blinky_pca10040/thumb_crt0.o
                0x0000000000000001                . = ASSERT (((__text_start__ == __text_end__) || ((__text_end__ - __FLASH_segment_start__) <= __FLASH_segment_size__)), error: .text is too large to fit in FLASH memory segment)
                0x0000000000000cfc                __log_const_data_load_start__ = ALIGN (__text_end__, 0x4)

.log_const_data
                0x0000000000000cfc        0x0
                0x0000000000000cfc                __log_const_data_start__ = .
                0x0000000000000cfc                __start_log_const_data = __log_const_data_start__
 *(SORT_BY_NAME(.log_const_data*))
                0x0000000000000cfc                __log_const_data_end__ = (__log_const_data_start__ + SIZEOF (.log_const_data))
                0x0000000000000000                __log_const_data_size__ = SIZEOF (.log_const_data)
                0x0000000000000cfc                __stop_log_const_data = __log_const_data_end__
                0x0000000000000cfc                __log_const_data_load_end__ = __log_const_data_end__
                0x0000000000000001                . = ASSERT (((__log_const_data_start__ == __log_const_data_end__) || ((__log_const_data_end__ - __FLASH_segment_start__) <= __FLASH_segment_size__)), error: .log_const_data is too large to fit in FLASH memory segment)
                0x0000000000000cfc                __nrf_balloc_load_start__ = ALIGN (__log_const_data_end__, 0x4)

.nrf_balloc     0x0000000000000cfc        0x0
                0x0000000000000cfc                __nrf_balloc_start__ = .
                0x0000000000000cfc                __start_nrf_balloc = __nrf_balloc_start__
 *(.nrf_balloc*)
                0x0000000000000cfc                __nrf_balloc_end__ = (__nrf_balloc_start__ + SIZEOF (.nrf_balloc))
                0x0000000000000000                __nrf_balloc_size__ = SIZEOF (.nrf_balloc)
                0x0000000000000cfc                __stop_nrf_balloc = __nrf_balloc_end__
                0x0000000000000cfc                __nrf_balloc_load_end__ = __nrf_balloc_end__
                0x0000000000000001                . = ASSERT (((__nrf_balloc_start__ == __nrf_balloc_end__) || ((__nrf_balloc_end__ - __FLASH_segment_start__) <= __FLASH_segment_size__)), error: .nrf_balloc is too large to fit in FLASH memory segment)
                0x0000000000000cfc                __nrf_sections_load_start__ = ALIGN (__nrf_balloc_end__, 0x4)

.nrf_sections   0x0000000000000cfc        0x0
                0x0000000000000cfc                __nrf_sections_start__ = .
                0x0000000000000cfc                __start_nrf_sections = __nrf_sections_start__
 *(.nrf_sections .nrf_sections.*)
                0x0000000000000cfc                __nrf_sections_end__ = (__nrf_sections_start__ + SIZEOF (.nrf_sections))
                0x0000000000000000                __nrf_sections_size__ = SIZEOF (.nrf_sections)
                0x0000000000000cfc                __nrf_sections_load_end__ = __nrf_sections_end__
                0x0000000000000001                . = ASSERT (((__nrf_sections_start__ == __nrf_sections_end__) || ((__nrf_sections_end__ - __FLASH_segment_start__) <= __FLASH_segment_size__)), error: .nrf_sections is too large to fit in FLASH memory segment)
                0x0000000000000cfc                __log_dynamic_data_load_start__ = ALIGN (__nrf_sections_end__, 0x4)

.log_dynamic_data
                0x0000000020000000        0x0 load address 0x0000000000000cfc
                0x0000000020000000                __log_dynamic_data_start__ = .
 *(SORT_BY_NAME(.log_dynamic_data*))
                0x0000000020000000                __log_dynamic_data_end__ = (__log_dynamic_data_start__ + SIZEOF (.log_dynamic_data))
                0x0000000000000000                __log_dynamic_data_size__ = SIZEOF (.log_dynamic_data)
                0x0000000000000cfc                __log_dynamic_data_load_end__ = (__log_dynamic_data_load_start__ + SIZEOF (.log_dynamic_data))
                0x0000000000000001                . = ASSERT (((__log_dynamic_data_load_start__ == __log_dynamic_data_load_end__) || ((__log_dynamic_data_load_end__ - __FLASH_segment_start__) <= __FLASH_segment_size__)), error: .log_dynamic_data is too large to fit in FLASH memory segment)

.log_dynamic_data_run
                0x0000000020000000        0x0
                0x0000000020000000                __log_dynamic_data_run_start__ = .
                0x0000000020000000                __start_log_dynamic_data = __log_dynamic_data_run_start__
                0x0000000020000000                __log_dynamic_data_run_end__ = (__log_dynamic_data_run_start__ + SIZEOF (.log_dynamic_data))
                0x0000000000000000                __log_dynamic_data_run_size__ = (__log_dynamic_data_run_end__ - __log_dynamic_data_run_start__)
                0x0000000020000000                __stop_log_dynamic_data = __log_dynamic_data_run_end__
                0x0000000020000000                __log_dynamic_data_run_load_end__ = __log_dynamic_data_run_end__
                0x0000000000000001                . = ASSERT (((__log_dynamic_data_run_start__ == __log_dynamic_data_run_end__) || ((__log_dynamic_data_run_end__ - __RAM_segment_start__) <= __RAM_segment_size__)), error: .log_dynamic_data_run is too large to fit in RAM memory segment)
                0x0000000020000000                __nrf_sections_run_end_load_start__ = ALIGN (__log_dynamic_data_run_end__, 0x4)

.nrf_sections_run_end
                0x0000000020000000        0x0
                0x0000000020000000                __nrf_sections_run_end_start__ = .
                0x0000000020000000                __end_nrf_sections_run = __nrf_sections_run_end_start__
 *(.nrf_sections_run_end .nrf_sections_run_end.*)
                0x0000000020000000                __nrf_sections_run_end_end__ = (__nrf_sections_run_end_start__ + SIZEOF (.nrf_sections_run_end))
                0x0000000000000000                __nrf_sections_run_end_size__ = SIZEOF (.nrf_sections_run_end)
                0x0000000020000000                __nrf_sections_run_end_load_end__ = __nrf_sections_run_end_end__
                0x0000000000000001                . = ASSERT (((__nrf_sections_run_end_start__ == __nrf_sections_run_end_end__) || ((__nrf_sections_run_end_end__ - __RAM_segment_start__) <= __RAM_segment_size__)), error: .nrf_sections_run_end is too large to fit in RAM memory segment)
                0x0000000000000cfc                __dtors_load_start__ = ALIGN ((__log_dynamic_data_load_start__ + SIZEOF (.log_dynamic_data)), 0x4)

.dtors          0x0000000000000cfc        0x0
                0x0000000000000cfc                __dtors_start__ = .
 *(SORT_BY_NAME(.dtors.*))
 *(.dtors)
 *(.fini_array)
 *(SORT_BY_NAME(.fini_array.*))
                0x0000000000000cfc                __dtors_end__ = (__dtors_start__ + SIZEOF (.dtors))
                0x0000000000000000                __dtors_size__ = SIZEOF (.dtors)
                0x0000000000000cfc                __dtors_load_end__ = __dtors_end__
                0x0000000000000001                . = ASSERT (((__dtors_start__ == __dtors_end__) || ((__dtors_end__ - __FLASH_segment_start__) <= __FLASH_segment_size__)), error: .dtors is too large to fit in FLASH memory segment)
                0x0000000000000cfc                __ctors_load_start__ = ALIGN (__dtors_end__, 0x4)

.ctors          0x0000000000000cfc        0x0
                0x0000000000000cfc                __ctors_start__ = .
 *(SORT_BY_NAME(.ctors.*))
 *(.ctors)
 *(.init_array)
 *(SORT_BY_NAME(.init_array.*))
                0x0000000000000cfc                __ctors_end__ = (__ctors_start__ + SIZEOF (.ctors))
                0x0000000000000000                __ctors_size__ = SIZEOF (.ctors)
                0x0000000000000cfc                __ctors_load_end__ = __ctors_end__
                0x0000000000000001                . = ASSERT (((__ctors_start__ == __ctors_end__) || ((__ctors_end__ - __FLASH_segment_start__) <= __FLASH_segment_size__)), error: .ctors is too large to fit in FLASH memory segment)
                0x0000000000000cfc                __rodata_load_start__ = ALIGN (__ctors_end__, 0x4)

.rodata         0x0000000000000cfc       0x72
                0x0000000000000cfc                __rodata_start__ = .
 *(.rodata .rodata.* .gnu.linkonce.r.*)
 .rodata.main.str1.1
                0x0000000000000cfc       0x35 Output/Release/Obj/blinky_pca10040/main.o
 *fill*         0x0000000000000d31        0xf 
 .rodata.delay_bytecode.0
                0x0000000000000d40        0x6 Output/Release/Obj/blinky_pca10040/main.o
 .rodata.m_board_led_list
                0x0000000000000d46        0x4 Output/Release/Obj/blinky_pca10040/boards.o
 .rodata._aV2C.0
                0x0000000000000d4a       0x10 Output/Release/Obj/blinky_pca10040/SEGGER_RTT_printf.o
 .rodata._DoInit.str1.1
                0x0000000000000d5a       0x14 Output/Release/Obj/blinky_pca10040/SEGGER_RTT.o
                0x0000000000000d6e                __rodata_end__ = (__rodata_start__ + SIZEOF (.rodata))
                0x0000000000000072                __rodata_size__ = SIZEOF (.rodata)
                0x0000000000000d6e                __rodata_load_end__ = __rodata_end__

.rel.dyn        0x0000000000000d70        0x0
 .rel.iplt      0x0000000000000d70        0x0 Output/Release/Obj/blinky_pca10040/thumb_crt0.o
                0x0000000000000001                . = ASSERT (((__rodata_start__ == __rodata_end__) || ((__rodata_end__ - __FLASH_segment_start__) <= __FLASH_segment_size__)), error: .rodata is too large to fit in FLASH memory segment)
                0x0000000000000d70                __ARM.exidx_load_start__ = ALIGN (__rodata_end__, 0x4)

.ARM.exidx      0x0000000000000d70        0x0
                0x0000000000000d70                __ARM.exidx_start__ = .
                0x0000000000000d70                __exidx_start = __ARM.exidx_start__
 *(.ARM.exidx .ARM.exidx.*)
                0x0000000000000d70                __ARM.exidx_end__ = (__ARM.exidx_start__ + SIZEOF (.ARM.exidx))
                0x0000000000000000                __ARM.exidx_size__ = SIZEOF (.ARM.exidx)
                0x0000000000000d70                __exidx_end = __ARM.exidx_end__
                0x0000000000000d70                __ARM.exidx_load_end__ = __ARM.exidx_end__
                0x0000000000000001                . = ASSERT (((__ARM.exidx_start__ == __ARM.exidx_end__) || ((__ARM.exidx_end__ - __FLASH_segment_start__) <= __FLASH_segment_size__)), error: .ARM.exidx is too large to fit in FLASH memory segment)
                0x0000000000000d70                __fast_load_start__ = ALIGN (__ARM.exidx_end__, 0x4)

.fast           0x0000000020000000        0x0 load address 0x0000000000000d70
                0x0000000020000000                __fast_start__ = .
 *(.fast .fast.*)
                0x0000000020000000                __fast_end__ = (__fast_start__ + SIZEOF (.fast))
                0x0000000000000000                __fast_size__ = SIZEOF (.fast)
                0x0000000000000d70                __fast_load_end__ = (__fast_load_start__ + SIZEOF (.fast))
                0x0000000000000001                . = ASSERT (((__fast_load_start__ == __fast_load_end__) || ((__fast_load_end__ - __FLASH_segment_start__) <= __FLASH_segment_size__)), error: .fast is too large to fit in FLASH memory segment)

.fast_run       0x0000000020000000        0x0
                0x0000000020000000                __fast_run_start__ = .
                0x0000000020000000                __fast_run_end__ = (__fast_run_start__ + SIZEOF (.fast))
                0x0000000000000000                __fast_run_size__ = (__fast_run_end__ - __fast_run_start__)
                0x0000000020000000                __fast_run_load_end__ = __fast_run_end__
                0x0000000000000001                . = ASSERT (((__fast_run_start__ == __fast_run_end__) || ((__fast_run_end__ - __RAM_segment_start__) <= __RAM_segment_size__)), error: .fast_run is too large to fit in RAM memory segment)
                0x0000000000000d70                __data_load_start__ = ALIGN ((__fast_load_start__ + SIZEOF (.fast)), 0x4)

.data           0x0000000020000000        0x4 load address 0x0000000000000d70
                0x0000000020000000                __data_start__ = .
 *(.data .data.* .gnu.linkonce.d.*)
 .data.SystemCoreClock
                0x0000000020000000        0x4 Output/Release/Obj/blinky_pca10040/system_nrf52.o
                0x0000000020000000                SystemCoreClock
                0x0000000020000004                __data_end__ = (__data_start__ + SIZEOF (.data))
                0x0000000000000004                __data_size__ = SIZEOF (.data)
                0x0000000000000d74                __data_load_end__ = (__data_load_start__ + SIZEOF (.data))

.igot.plt       0x0000000100000000        0x0
 .igot.plt      0x0000000100000000        0x0 Output/Release/Obj/blinky_pca10040/thumb_crt0.o
                0x0000000000000001                . = ASSERT (((__data_load_start__ == __data_load_end__) || ((__data_load_end__ - __FLASH_segment_start__) <= __FLASH_segment_size__)), error: .data is too large to fit in FLASH memory segment)

.data_run       0x0000000020000000        0x0
                0x0000000020000000                __data_run_start__ = .
                0x0000000020000004                __data_run_end__ = (__data_run_start__ + SIZEOF (.data))
                0x0000000000000004                __data_run_size__ = (__data_run_end__ - __data_run_start__)
                0x0000000020000004                __data_run_load_end__ = __data_run_end__
                0x0000000000000001                . = ASSERT (((__data_run_start__ == __data_run_end__) || ((__data_run_end__ - __RAM_segment_start__) <= __RAM_segment_size__)), error: .data_run is too large to fit in RAM memory segment)
                0x0000000000000d74                __tdata_load_start__ = ALIGN ((__data_load_start__ + SIZEOF (.data)), 0x4)

.tdata          0x0000000020000004        0x0 load address 0x0000000000000d74
                0x0000000020000004                __tdata_start__ = .
 *(.tdata .tdata.*)
                0x0000000020000004                __tdata_end__ = (__tdata_start__ + SIZEOF (.tdata))
                0x0000000000000000                __tdata_size__ = SIZEOF (.tdata)
                0x0000000000000d74                __tdata_load_end__ = (__tdata_load_start__ + SIZEOF (.tdata))
                0x0000000000000d74                __FLASH_segment_used_end__ = (ALIGN ((__data_load_start__ + SIZEOF (.data)), 0x4) + SIZEOF (.tdata))
                0x0000000000000d74                __FLASH_segment_used_size__ = (__FLASH_segment_used_end__ - __FLASH_segment_start__)
                0x0000000000000001                . = ASSERT (((__tdata_load_start__ == __tdata_load_end__) || ((__tdata_load_end__ - __FLASH_segment_start__) <= __FLASH_segment_size__)), error: .tdata is too large to fit in FLASH memory segment)

.tdata_run      0x0000000020000004        0x0
                0x0000000020000004                __tdata_run_start__ = .
                0x0000000020000004                __tdata_run_end__ = (__tdata_run_start__ + SIZEOF (.tdata))
                0x0000000000000000                __tdata_run_size__ = (__tdata_run_end__ - __tdata_run_start__)
                0x0000000020000004                __tdata_run_load_end__ = __tdata_run_end__
                0x0000000000000001                . = ASSERT (((__tdata_run_start__ == __tdata_run_end__) || ((__tdata_run_end__ - __RAM_segment_start__) <= __RAM_segment_size__)), error: .tdata_run is too large to fit in RAM memory segment)
                0x0000000020000004                __bss_load_start__ = ALIGN (__tdata_run_end__, 0x4)

.bss            0x0000000020000004      0x290
                0x0000000020000004                __bss_start__ = .
 *(.bss .bss.* .gnu.linkonce.b.*)
 .bss.myCounter
                0x0000000020000004        0x1 Output/Release/Obj/blinky_pca10040/main.o
                0x0000000020000004                myCounter
 *fill*         0x0000000020000005        0x3 
 .bss.m_in_critical_region
                0x0000000020000008        0x4 Output/Release/Obj/blinky_pca10040/app_util_platform.o
 .bss._SEGGER_RTT
                0x000000002000000c       0x78 Output/Release/Obj/blinky_pca10040/SEGGER_RTT.o
                0x000000002000000c                _SEGGER_RTT
 .bss._acDownBuffer
                0x0000000020000084       0x10 Output/Release/Obj/blinky_pca10040/SEGGER_RTT.o
 .bss._acUpBuffer
                0x0000000020000094      0x200 Output/Release/Obj/blinky_pca10040/SEGGER_RTT.o
 *(COMMON)
                0x0000000020000294                __bss_end__ = (__bss_start__ + SIZEOF (.bss))
                0x0000000000000290                __bss_size__ = SIZEOF (.bss)
                0x0000000020000294                __bss_load_end__ = __bss_end__
                0x0000000000000001                . = ASSERT (((__bss_start__ == __bss_end__) || ((__bss_end__ - __RAM_segment_start__) <= __RAM_segment_size__)), error: .bss is too large to fit in RAM memory segment)
                0x0000000020000294                __tbss_load_start__ = ALIGN (__bss_end__, 0x4)

.tbss           0x0000000020000294        0x0
                0x0000000020000294                __tbss_start__ = .
 *(.tbss .tbss.*)
                0x0000000020000294                __tbss_end__ = (__tbss_start__ + SIZEOF (.tbss))
                0x0000000000000000                __tbss_size__ = SIZEOF (.tbss)
                0x0000000020000294                __tbss_load_end__ = __tbss_end__
                0x0000000000000001                . = ASSERT (((__tbss_start__ == __tbss_end__) || ((__tbss_end__ - __RAM_segment_start__) <= __RAM_segment_size__)), error: .tbss is too large to fit in RAM memory segment)
                0x0000000020000294                __non_init_load_start__ = ALIGN (__tbss_end__, 0x4)

.non_init       0x0000000020000294        0x0
                0x0000000020000294                __non_init_start__ = .
 *(.non_init .non_init.*)
                0x0000000020000294                __non_init_end__ = (__non_init_start__ + SIZEOF (.non_init))
                0x0000000000000000                __non_init_size__ = SIZEOF (.non_init)
                0x0000000020000294                __non_init_load_end__ = __non_init_end__
                0x0000000000000001                . = ASSERT (((__non_init_start__ == __non_init_end__) || ((__non_init_end__ - __RAM_segment_start__) <= __RAM_segment_size__)), error: .non_init is too large to fit in RAM memory segment)
                0x0000000020000294                __heap_load_start__ = ALIGN (__non_init_end__, 0x4)

.heap           0x0000000020000294     0x2000
                0x0000000020000294                __heap_start__ = .
 *(.heap .heap.*)
                0x0000000020002294                . = ALIGN (MAX ((__heap_start__ + __HEAPSIZE__), .), 0x4)
 *fill*         0x0000000020000294     0x2000 
                0x0000000020002294                __heap_end__ = (__heap_start__ + SIZEOF (.heap))
                0x0000000000002000                __heap_size__ = SIZEOF (.heap)
                0x0000000020002294                __heap_load_end__ = __heap_end__
                0x0000000000000001                . = ASSERT (((__heap_start__ == __heap_end__) || ((__heap_end__ - __RAM_segment_start__) <= __RAM_segment_size__)), error: .heap is too large to fit in RAM memory segment)
                0x000000002000e000                __stack_load_start__ = (__RAM_segment_start__ + (__RAM_segment_size__ - 0x2000))

.stack          0x000000002000e000     0x2000
                0x000000002000e000                __stack_start__ = .
                0x000000002000e000                __StackLimit = __stack_start__
 *(.stack .stack.*)
                0x0000000020010000                . = ALIGN (MAX ((__stack_start__ + __STACKSIZE__), .), 0x8)
 *fill*         0x000000002000e000     0x2000 
                0x0000000020010000                __stack_end__ = (__stack_start__ + SIZEOF (.stack))
                0x0000000000002000                __stack_size__ = SIZEOF (.stack)
                0x0000000020010000                __StackTop = __stack_end__
                0x0000000020010000                __stack_load_end__ = __stack_end__
                0x0000000000000001                . = ASSERT (((__stack_start__ == __stack_end__) || ((__stack_end__ - __RAM_segment_start__) <= __RAM_segment_size__)), error: .stack is too large to fit in RAM memory segment)
                0x0000000000000001                . = ASSERT ((__heap_end__ <= __stack_start__), error: section .heap overlaps absolute placed section .stack)
                0x0000000020010000                __stack_process_load_start__ = ALIGN (__stack_end__, 0x8)

.stack_process  0x0000000020010000        0x0
                0x0000000020010000                __stack_process_start__ = .
 *(.stack_process .stack_process.*)
                0x0000000020010000                . = ALIGN (MAX ((__stack_process_start__ + __STACKSIZE_PROCESS__), .), 0x8)
                0x0000000020010000                __stack_process_end__ = (__stack_process_start__ + SIZEOF (.stack_process))
                0x0000000000000000                __stack_process_size__ = SIZEOF (.stack_process)
                0x0000000020010000                __stack_process_load_end__ = __stack_process_end__
                0x0000000020010000                __RAM_segment_used_end__ = (ALIGN (__stack_end__, 0x8) + SIZEOF (.stack_process))
                0x0000000000010000                __RAM_segment_used_size__ = (__RAM_segment_used_end__ - __RAM_segment_start__)
                0x0000000000000001                . = ASSERT (((__stack_process_start__ == __stack_process_end__) || ((__stack_process_end__ - __RAM_segment_start__) <= __RAM_segment_size__)), error: .stack_process is too large to fit in RAM memory segment)
START GROUP
LOAD Output/Release/Obj/blinky_pca10040/thumb_crt0.o
LOAD Output/Release/Obj/blinky_pca10040/main.o
LOAD Output/Release/Obj/blinky_pca10040/boards.o
LOAD Output/Release/Obj/blinky_pca10040/app_error.o
LOAD Output/Release/Obj/blinky_pca10040/app_error_handler_gcc.o
LOAD Output/Release/Obj/blinky_pca10040/app_error_weak.o
LOAD Output/Release/Obj/blinky_pca10040/app_util_platform.o
LOAD Output/Release/Obj/blinky_pca10040/nrf_assert.o
LOAD Output/Release/Obj/blinky_pca10040/nrf_strerror.o
LOAD Output/Release/Obj/blinky_pca10040/SEGGER_RTT_printf.o
LOAD Output/Release/Obj/blinky_pca10040/SEGGER_RTT.o
LOAD Output/Release/Obj/blinky_pca10040/SEGGER_RTT_Syscalls_SES.o
LOAD Output/Release/Obj/blinky_pca10040/ses_nRF_Startup.o
LOAD Output/Release/Obj/blinky_pca10040/ses_nrf52_Vectors.o
LOAD Output/Release/Obj/blinky_pca10040/system_nrf52.o
LOAD C:/Users/Michel/AppData/Local/SEGGER/SEGGER Embedded Studio/v3/packages/libraries/libcxx/lib/libcxx_noexcept_v7em_fpv4_sp_d16_hard_t_le_eabi.a
LOAD C:/Program Files/SEGGER/SEGGER Embedded Studio for ARM 5.64/lib/libm_v7em_fpv4_sp_d16_hard_t_le_eabi.a
LOAD C:/Program Files/SEGGER/SEGGER Embedded Studio for ARM 5.64/lib/libc_v7em_fpv4_sp_d16_hard_t_le_eabi.a
LOAD C:/Program Files/SEGGER/SEGGER Embedded Studio for ARM 5.64/lib/libdebugio_v7em_fpv4_sp_d16_hard_t_le_eabi.a
END GROUP
OUTPUT(Output/Release/Exe/blinky_pca10040.elf elf32-littlearm)
LOAD linker stubs

.ARM.attributes
                0x0000000000000000       0x30
 .ARM.attributes
                0x0000000000000000       0x20 Output/Release/Obj/blinky_pca10040/thumb_crt0.o
 .ARM.attributes
                0x0000000000000020       0x39 Output/Release/Obj/blinky_pca10040/main.o
 .ARM.attributes
                0x0000000000000059       0x39 Output/Release/Obj/blinky_pca10040/boards.o
 .ARM.attributes
                0x0000000000000092       0x39 Output/Release/Obj/blinky_pca10040/app_util_platform.o
 .ARM.attributes
                0x00000000000000cb       0x39 Output/Release/Obj/blinky_pca10040/SEGGER_RTT_printf.o
 .ARM.attributes
                0x0000000000000104       0x39 Output/Release/Obj/blinky_pca10040/SEGGER_RTT.o
 .ARM.attributes
                0x000000000000013d       0x20 Output/Release/Obj/blinky_pca10040/ses_nRF_Startup.o
 .ARM.attributes
                0x000000000000015d       0x20 Output/Release/Obj/blinky_pca10040/ses_nrf52_Vectors.o
 .ARM.attributes
                0x000000000000017d       0x39 Output/Release/Obj/blinky_pca10040/system_nrf52.o
 .ARM.attributes
                0x00000000000001b6       0x20 C:/Program Files/SEGGER/SEGGER Embedded Studio for ARM 5.64/lib/libc_v7em_fpv4_sp_d16_hard_t_le_eabi.a(libc2_asm.o)

.comment        0x0000000000000000       0x3f
 .comment       0x0000000000000000       0x3f Output/Release/Obj/blinky_pca10040/main.o
                                         0x40 (size before relaxing)
 .comment       0x000000000000003f       0x40 Output/Release/Obj/blinky_pca10040/boards.o
 .comment       0x000000000000003f       0x40 Output/Release/Obj/blinky_pca10040/app_util_platform.o
 .comment       0x000000000000003f       0x40 Output/Release/Obj/blinky_pca10040/SEGGER_RTT_printf.o
 .comment       0x000000000000003f       0x40 Output/Release/Obj/blinky_pca10040/SEGGER_RTT.o
 .comment       0x000000000000003f       0x40 Output/Release/Obj/blinky_pca10040/system_nrf52.o

.debug_line     0x0000000000000000     0x3d23
 .debug_line    0x0000000000000000      0x21e Output/Release/Obj/blinky_pca10040/thumb_crt0.o
 .debug_line    0x000000000000021e      0x745 Output/Release/Obj/blinky_pca10040/main.o
 .debug_line    0x0000000000000963      0xb4f Output/Release/Obj/blinky_pca10040/boards.o
 .debug_line    0x00000000000014b2      0x4b2 Output/Release/Obj/blinky_pca10040/app_util_platform.o
 .debug_line    0x0000000000001964      0x8f6 Output/Release/Obj/blinky_pca10040/SEGGER_RTT_printf.o
 .debug_line    0x000000000000225a     0x12ff Output/Release/Obj/blinky_pca10040/SEGGER_RTT.o
 .debug_line    0x0000000000003559       0x9f Output/Release/Obj/blinky_pca10040/ses_nRF_Startup.o
 .debug_line    0x00000000000035f8       0xa8 Output/Release/Obj/blinky_pca10040/ses_nrf52_Vectors.o
 .debug_line    0x00000000000036a0      0x683 Output/Release/Obj/blinky_pca10040/system_nrf52.o

.debug_info     0x0000000000000000     0x4450
 .debug_info    0x0000000000000000       0x22 Output/Release/Obj/blinky_pca10040/thumb_crt0.o
 .debug_info    0x0000000000000022      0x273 Output/Release/Obj/blinky_pca10040/main.o
 .debug_info    0x0000000000000295      0xc0e Output/Release/Obj/blinky_pca10040/boards.o
 .debug_info    0x0000000000000ea3      0x77d Output/Release/Obj/blinky_pca10040/app_util_platform.o
 .debug_info    0x0000000000001620      0x617 Output/Release/Obj/blinky_pca10040/SEGGER_RTT_printf.o
 .debug_info    0x0000000000001c37     0x15fd Output/Release/Obj/blinky_pca10040/SEGGER_RTT.o
 .debug_info    0x0000000000003234       0x23 Output/Release/Obj/blinky_pca10040/ses_nRF_Startup.o
 .debug_info    0x0000000000003257       0x23 Output/Release/Obj/blinky_pca10040/ses_nrf52_Vectors.o
 .debug_info    0x000000000000327a     0x11d6 Output/Release/Obj/blinky_pca10040/system_nrf52.o

.debug_abbrev   0x0000000000000000      0xe5c
 .debug_abbrev  0x0000000000000000       0x12 Output/Release/Obj/blinky_pca10040/thumb_crt0.o
 .debug_abbrev  0x0000000000000012      0x18d Output/Release/Obj/blinky_pca10040/main.o
 .debug_abbrev  0x000000000000019f      0x2e9 Output/Release/Obj/blinky_pca10040/boards.o
 .debug_abbrev  0x0000000000000488      0x22d Output/Release/Obj/blinky_pca10040/app_util_platform.o
 .debug_abbrev  0x00000000000006b5      0x273 Output/Release/Obj/blinky_pca10040/SEGGER_RTT_printf.o
 .debug_abbrev  0x0000000000000928      0x2d4 Output/Release/Obj/blinky_pca10040/SEGGER_RTT.o
 .debug_abbrev  0x0000000000000bfc       0x14 Output/Release/Obj/blinky_pca10040/ses_nRF_Startup.o
 .debug_abbrev  0x0000000000000c10       0x14 Output/Release/Obj/blinky_pca10040/ses_nrf52_Vectors.o
 .debug_abbrev  0x0000000000000c24      0x238 Output/Release/Obj/blinky_pca10040/system_nrf52.o

.debug_aranges  0x0000000000000000      0x330
 .debug_aranges
                0x0000000000000000       0x98 Output/Release/Obj/blinky_pca10040/thumb_crt0.o
 .debug_aranges
                0x0000000000000098       0x20 Output/Release/Obj/blinky_pca10040/main.o
 .debug_aranges
                0x00000000000000b8       0x78 Output/Release/Obj/blinky_pca10040/boards.o
 .debug_aranges
                0x0000000000000130       0x48 Output/Release/Obj/blinky_pca10040/app_util_platform.o
 .debug_aranges
                0x0000000000000178       0x38 Output/Release/Obj/blinky_pca10040/SEGGER_RTT_printf.o
 .debug_aranges
                0x00000000000001b0      0x108 Output/Release/Obj/blinky_pca10040/SEGGER_RTT.o
 .debug_aranges
                0x00000000000002b8       0x20 Output/Release/Obj/blinky_pca10040/ses_nRF_Startup.o
 .debug_aranges
                0x00000000000002d8       0x20 Output/Release/Obj/blinky_pca10040/ses_nrf52_Vectors.o
 .debug_aranges
                0x00000000000002f8       0x38 Output/Release/Obj/blinky_pca10040/system_nrf52.o

.debug_str      0x0000000000000000    0x67263
 .debug_str     0x0000000000000000       0xbe Output/Release/Obj/blinky_pca10040/thumb_crt0.o
 .debug_str     0x00000000000000be    0x659ba Output/Release/Obj/blinky_pca10040/main.o
                                      0x664e8 (size before relaxing)
 .debug_str     0x0000000000065a78      0x50f Output/Release/Obj/blinky_pca10040/boards.o
                                      0x661cf (size before relaxing)
 .debug_str     0x0000000000065f87      0x492 Output/Release/Obj/blinky_pca10040/app_util_platform.o
                                      0x5d4c0 (size before relaxing)
 .debug_str     0x0000000000066419      0x2cf Output/Release/Obj/blinky_pca10040/SEGGER_RTT_printf.o
                                      0x5f19d (size before relaxing)
 .debug_str     0x00000000000666e8      0x5e1 Output/Release/Obj/blinky_pca10040/SEGGER_RTT.o
                                      0x5f4eb (size before relaxing)
 .debug_str     0x0000000000066cc9       0x45 Output/Release/Obj/blinky_pca10040/ses_nRF_Startup.o
                                         0xb3 (size before relaxing)
 .debug_str     0x0000000000066d0e       0x47 Output/Release/Obj/blinky_pca10040/ses_nrf52_Vectors.o
                                         0xb5 (size before relaxing)
 .debug_str     0x0000000000066d55      0x50e Output/Release/Obj/blinky_pca10040/system_nrf52.o
                                      0x5bae1 (size before relaxing)

.debug_ranges   0x0000000000000000      0x630
 .debug_ranges  0x0000000000000000       0x90 Output/Release/Obj/blinky_pca10040/thumb_crt0.o
 .debug_ranges  0x0000000000000090       0x78 Output/Release/Obj/blinky_pca10040/main.o
 .debug_ranges  0x0000000000000108      0x380 Output/Release/Obj/blinky_pca10040/boards.o
 .debug_ranges  0x0000000000000488       0x38 Output/Release/Obj/blinky_pca10040/app_util_platform.o
 .debug_ranges  0x00000000000004c0       0x50 Output/Release/Obj/blinky_pca10040/SEGGER_RTT_printf.o
 .debug_ranges  0x0000000000000510       0xf8 Output/Release/Obj/blinky_pca10040/SEGGER_RTT.o
 .debug_ranges  0x0000000000000608       0x28 Output/Release/Obj/blinky_pca10040/system_nrf52.o

.debug_frame    0x0000000000000000      0x708
 .debug_frame   0x0000000000000000       0x34 Output/Release/Obj/blinky_pca10040/main.o
 .debug_frame   0x0000000000000034      0x104 Output/Release/Obj/blinky_pca10040/boards.o
 .debug_frame   0x0000000000000138       0x70 Output/Release/Obj/blinky_pca10040/app_util_platform.o
 .debug_frame   0x00000000000001a8       0xd8 Output/Release/Obj/blinky_pca10040/SEGGER_RTT_printf.o
 .debug_frame   0x0000000000000280      0x42c Output/Release/Obj/blinky_pca10040/SEGGER_RTT.o
 .debug_frame   0x00000000000006ac       0x5c Output/Release/Obj/blinky_pca10040/system_nrf52.o

.debug_loc      0x0000000000000000     0x2aa1
 .debug_loc     0x0000000000000000       0xcc Output/Release/Obj/blinky_pca10040/main.o
 .debug_loc     0x00000000000000cc      0x83d Output/Release/Obj/blinky_pca10040/boards.o
 .debug_loc     0x0000000000000909       0xda Output/Release/Obj/blinky_pca10040/app_util_platform.o
 .debug_loc     0x00000000000009e3      0x97b Output/Release/Obj/blinky_pca10040/SEGGER_RTT_printf.o
 .debug_loc     0x000000000000135e     0x1743 Output/Release/Obj/blinky_pca10040/SEGGER_RTT.o

.debug_pubnames
                0x0000000000000000      0xc74
 .debug_pubnames
                0x0000000000000000       0x62 Output/Release/Obj/blinky_pca10040/main.o
 .debug_pubnames
                0x0000000000000062      0x4bd Output/Release/Obj/blinky_pca10040/boards.o
 .debug_pubnames
                0x000000000000051f      0x204 Output/Release/Obj/blinky_pca10040/app_util_platform.o
 .debug_pubnames
                0x0000000000000723       0x6f Output/Release/Obj/blinky_pca10040/SEGGER_RTT_printf.o
 .debug_pubnames
                0x0000000000000792      0x3c3 Output/Release/Obj/blinky_pca10040/SEGGER_RTT.o
 .debug_pubnames
                0x0000000000000b55      0x11f Output/Release/Obj/blinky_pca10040/system_nrf52.o

.debug_pubtypes
                0x0000000000000000      0x716
 .debug_pubtypes
                0x0000000000000000       0xeb Output/Release/Obj/blinky_pca10040/main.o
 .debug_pubtypes
                0x00000000000000eb      0x181 Output/Release/Obj/blinky_pca10040/boards.o
 .debug_pubtypes
                0x000000000000026c      0x110 Output/Release/Obj/blinky_pca10040/app_util_platform.o
 .debug_pubtypes
                0x000000000000037c       0xf8 Output/Release/Obj/blinky_pca10040/SEGGER_RTT_printf.o
 .debug_pubtypes
                0x0000000000000474       0xfb Output/Release/Obj/blinky_pca10040/SEGGER_RTT.o
 .debug_pubtypes
                0x000000000000056f      0x1a7 Output/Release/Obj/blinky_pca10040/system_nrf52.o

.debug_macro    0x0000000000000000    0x1258d
 .debug_macro   0x0000000000000000      0x25e Output/Release/Obj/blinky_pca10040/main.o
 .debug_macro   0x000000000000025e      0xad8 Output/Release/Obj/blinky_pca10040/main.o
 .debug_macro   0x0000000000000d36       0x22 Output/Release/Obj/blinky_pca10040/main.o
 .debug_macro   0x0000000000000d58      0x1a3 Output/Release/Obj/blinky_pca10040/main.o
 .debug_macro   0x0000000000000efb      0x5b0 Output/Release/Obj/blinky_pca10040/main.o
 .debug_macro   0x00000000000014ab       0x89 Output/Release/Obj/blinky_pca10040/main.o
 .debug_macro   0x0000000000001534       0x1c Output/Release/Obj/blinky_pca10040/main.o
 .debug_macro   0x0000000000001550       0x22 Output/Release/Obj/blinky_pca10040/main.o
 .debug_macro   0x0000000000001572       0x2d Output/Release/Obj/blinky_pca10040/main.o
 .debug_macro   0x000000000000159f       0x3b Output/Release/Obj/blinky_pca10040/main.o
 .debug_macro   0x00000000000015da       0x50 Output/Release/Obj/blinky_pca10040/main.o
 .debug_macro   0x000000000000162a      0xe66 Output/Release/Obj/blinky_pca10040/main.o
 .debug_macro   0x0000000000002490      0x392 Output/Release/Obj/blinky_pca10040/main.o
 .debug_macro   0x0000000000002822     0xccbe Output/Release/Obj/blinky_pca10040/main.o
 .debug_macro   0x000000000000f4e0     0x1313 Output/Release/Obj/blinky_pca10040/main.o
 .debug_macro   0x00000000000107f3       0x82 Output/Release/Obj/blinky_pca10040/main.o
 .debug_macro   0x0000000000010875       0x22 Output/Release/Obj/blinky_pca10040/main.o
 .debug_macro   0x0000000000010897      0x3a3 Output/Release/Obj/blinky_pca10040/main.o
 .debug_macro   0x0000000000010c3a       0x36 Output/Release/Obj/blinky_pca10040/main.o
 .debug_macro   0x0000000000010c70       0x1f Output/Release/Obj/blinky_pca10040/main.o
 .debug_macro   0x0000000000010c8f      0x125 Output/Release/Obj/blinky_pca10040/main.o
 .debug_macro   0x0000000000010db4       0x16 Output/Release/Obj/blinky_pca10040/main.o
 .debug_macro   0x0000000000010dca      0x16d Output/Release/Obj/blinky_pca10040/main.o
 .debug_macro   0x0000000000010f37      0x4f2 Output/Release/Obj/blinky_pca10040/main.o
 .debug_macro   0x0000000000011429       0x3f Output/Release/Obj/blinky_pca10040/main.o
 .debug_macro   0x0000000000011468       0x72 Output/Release/Obj/blinky_pca10040/main.o
 .debug_macro   0x00000000000114da       0x8e Output/Release/Obj/blinky_pca10040/main.o
 .debug_macro   0x0000000000011568       0xa7 Output/Release/Obj/blinky_pca10040/main.o
 .debug_macro   0x000000000001160f       0x49 Output/Release/Obj/blinky_pca10040/main.o
 .debug_macro   0x0000000000011658       0x8c Output/Release/Obj/blinky_pca10040/main.o
 .debug_macro   0x00000000000116e4       0x19 Output/Release/Obj/blinky_pca10040/main.o
 .debug_macro   0x00000000000116fd       0x16 Output/Release/Obj/blinky_pca10040/main.o
 .debug_macro   0x0000000000011713       0x7b Output/Release/Obj/blinky_pca10040/main.o
 .debug_macro   0x000000000001178e       0x64 Output/Release/Obj/blinky_pca10040/main.o
 .debug_macro   0x00000000000117f2       0x20 Output/Release/Obj/blinky_pca10040/main.o
 .debug_macro   0x0000000000011812       0x1c Output/Release/Obj/blinky_pca10040/main.o
 .debug_macro   0x000000000001182e      0x25a Output/Release/Obj/blinky_pca10040/main.o
 .debug_macro   0x0000000000011a88      0x16d Output/Release/Obj/blinky_pca10040/main.o
 .debug_macro   0x0000000000011bf5       0x4d Output/Release/Obj/blinky_pca10040/main.o
 .debug_macro   0x0000000000011c42      0x115 Output/Release/Obj/blinky_pca10040/main.o
 .debug_macro   0x0000000000011d57      0x238 Output/Release/Obj/blinky_pca10040/boards.o
 .debug_macro   0x0000000000011f8f       0x16 Output/Release/Obj/blinky_pca10040/boards.o
 .debug_macro   0x0000000000011fa5      0x138 Output/Release/Obj/blinky_pca10040/app_util_platform.o
 .debug_macro   0x00000000000120dd      0x197 Output/Release/Obj/blinky_pca10040/SEGGER_RTT_printf.o
 .debug_macro   0x0000000000012274       0x47 Output/Release/Obj/blinky_pca10040/SEGGER_RTT_printf.o
 .debug_macro   0x00000000000122bb       0x28 Output/Release/Obj/blinky_pca10040/SEGGER_RTT_printf.o
 .debug_macro   0x00000000000122e3       0x22 Output/Release/Obj/blinky_pca10040/SEGGER_RTT_printf.o
 .debug_macro   0x0000000000012305      0x1c2 Output/Release/Obj/blinky_pca10040/SEGGER_RTT.o
 .debug_macro   0x00000000000124c7       0xc6 Output/Release/Obj/blinky_pca10040/system_nrf52.o
